------------------------------------------------------------
Timing Analyzer Summary
------------------------------------------------------------

Type  : Slow 1200mV 85C Model Setup 'Clk'
Slack : 4.978
TNS   : 0.000

Type  : Slow 1200mV 85C Model Hold 'Clk'
Slack : 0.347
TNS   : 0.000

Type  : Slow 1200mV 85C Model Recovery 'Clk'
Slack : 14.721
TNS   : 0.000

Type  : Slow 1200mV 85C Model Removal 'Clk'
Slack : 2.723
TNS   : 0.000

Type  : Slow 1200mV 85C Model Minimum Pulse Width 'Clk'
Slack : 4.854
TNS   : 0.000

Type  : Slow 1200mV 0C Model Setup 'Clk'
Slack : 6.042
TNS   : 0.000

Type  : Slow 1200mV 0C Model Hold 'Clk'
Slack : 0.311
TNS   : 0.000

Type  : Slow 1200mV 0C Model Recovery 'Clk'
Slack : 15.159
TNS   : 0.000

Type  : Slow 1200mV 0C Model Removal 'Clk'
Slack : 2.460
TNS   : 0.000

Type  : Slow 1200mV 0C Model Minimum Pulse Width 'Clk'
Slack : 4.834
TNS   : 0.000

Type  : Fast 1200mV 0C Model Setup 'Clk'
Slack : 13.204
TNS   : 0.000

Type  : Fast 1200mV 0C Model Hold 'Clk'
Slack : 0.152
TNS   : 0.000

Type  : Fast 1200mV 0C Model Recovery 'Clk'
Slack : 17.609
TNS   : 0.000

Type  : Fast 1200mV 0C Model Removal 'Clk'
Slack : 1.217
TNS   : 0.000

Type  : Fast 1200mV 0C Model Minimum Pulse Width 'Clk'
Slack : 5.000
TNS   : 0.000

------------------------------------------------------------
